[    0.000000] Linux version 7.2.0-next-20260828 (mayoub@mayoub) (gcc (GCC) 15.1.0, GNU ld (GNU Binutils) 2.44) #1 SMP PREEMPT_DYNAMIC Mon Aug 31 09:37:27 UTC 2026
[    0.000000] Command line: BOOT_IMAGE=/vmlinuz-7.2.0-next-20260828 root=/dev/sda3 ro
[    0.000000] x86/CPU: Model not found in latest microcode list
[    0.000000] BIOS-provided physical RAM map:
[    0.000000] BIOS-e820: [mem 0x0000000000000000-0x000000000009ffff]  System RAM
[    0.000000] BIOS-e820: [gap 0x00000000000a0000-0x00000000000fffff]
[    0.000000] BIOS-e820: [mem 0x0000000000100000-0x00000000007fffff]  System RAM
[    0.000000] BIOS-e820: [mem 0x0000000000800000-0x0000000000807fff]  ACPI NVS
[    0.000000] BIOS-e820: [mem 0x0000000000808000-0x000000000080afff]  System RAM
[    0.000000] BIOS-e820: [mem 0x000000000080b000-0x000000000080bfff]  ACPI NVS
[    0.000000] BIOS-e820: [mem 0x000000000080c000-0x000000000080ffff]  System RAM
[    0.000000] BIOS-e820: [mem 0x0000000000810000-0x00000000008fffff]  ACPI NVS
[    0.000000] BIOS-e820: [mem 0x0000000000900000-0x00000000be93efff]  System RAM
[    0.000000] BIOS-e820: [mem 0x00000000be93f000-0x00000000be9fffff]  device reserved
[    0.000000] BIOS-e820: [mem 0x00000000bea00000-0x00000000bf6eefff]  System RAM
[    0.000000] BIOS-e820: [mem 0x00000000bf6ef000-0x00000000bf96efff]  device reserved
[    0.000000] BIOS-e820: [mem 0x00000000bf96f000-0x00000000bf97efff]  ACPI data
[    0.000000] BIOS-e820: [mem 0x00000000bf97f000-0x00000000bf9fefff]  ACPI NVS
[    0.000000] BIOS-e820: [mem 0x00000000bf9ff000-0x00000000bfe5ffff]  System RAM
[    0.000000] BIOS-e820: [mem 0x00000000bfe60000-0x00000000bfe7ffff]  device reserved
[    0.000000] BIOS-e820: [mem 0x00000000bfe80000-0x00000000bfffffff]  ACPI NVS
[    0.000000] BIOS-e820: [gap 0x00000000c0000000-0x00000000ffdfffff]
[    0.000000] BIOS-e820: [mem 0x00000000ffe00000-0x00000000ffffffff]  device reserved
[    0.000000] BIOS-e820: [mem 0x0000000100000000-0x000000073fffffff]  System RAM
[    0.000000] NX (Execute Disable) protection: active
[    0.000000] APIC: Static calls initialized
[    0.000000] efi: EFI v2.7 by EDK II
[    0.000000] efi: SMBIOS=0xbf71a000 ACPI=0xbf97e000 ACPI 2.0=0xbf97e014 MEMATTR=0xbe74c018 
[    0.000000] efi: Remove mem137: MMIO range=[0xffe00000-0xffffffff] (2MB) from e820 map
[    0.000000] e820: remove [mem 0xffe00000-0xffffffff] device reserved
[    0.000000] DMI: SMBIOS 2.8 present.
[    0.000000] DMI: QEMU Standard PC (i440FX + PIIX, 1996), BIOS 0.0.0 02/06/2015
[    0.000000] DMI: Memory slots populated: 2/2
[    0.000000] Hypervisor detected: KVM
[    0.000000] last_pfn = 0xbfe60 max_arch_pfn = 0x400000000
[    0.000000] kvm-clock: Using msrs 4b564d01 and 4b564d00
[    0.000000] kvm-clock: using sched offset of 16775375055 cycles
[    0.000001] clocksource: kvm-clock: mask: 0xffffffffffffffff max_cycles: 0x1cd42e4dffb, max_idle_ns: 881590591483 ns
[    0.000002] tsc: Detected 2112.000 MHz processor
[    0.000066] e820: update [mem 0x00000000-0x00000fff] System RAM ==> device reserved
[    0.000068] e820: remove [mem 0x000a0000-0x000fffff] System RAM
[    0.000072] last_pfn = 0x740000 max_arch_pfn = 0x400000000
[    0.000093] MTRR map: 4 entries (2 fixed + 2 variable; max 18), built from 8 variable MTRRs
[    0.000095] x86/PAT: Configuration [0-7]: WB  WC  UC- UC  WB  WP  UC- WT  
[    0.000122] last_pfn = 0xbfe60 max_arch_pfn = 0x400000000
[    0.004242] Using GB pages for direct mapping
[    0.004721] Secure boot disabled
[    0.004722] ACPI: Early table checksum verification disabled
[    0.004723] ACPI: RSDP 0x00000000BF97E014 000024 (v02 BOCHS )
[    0.004726] ACPI: XSDT 0x00000000BF97D0E8 00004C (v01 BOCHS  BXPC     00000001      01000013)
[    0.004729] ACPI: FACP 0x00000000BF979000 000074 (v01 BOCHS  BXPC     00000001 BXPC 00000001)
[    0.004731] ACPI: DSDT 0x00000000BF97A000 0021E8 (v01 BOCHS  BXPC     00000001 BXPC 00000001)
[    0.004732] ACPI: FACS 0x00000000BF9DD000 000040
[    0.004733] ACPI: APIC 0x00000000BF978000 000170 (v01 BOCHS  BXPC     00000001 BXPC 00000001)
[    0.004734] ACPI: HPET 0x00000000BF977000 000038 (v01 BOCHS  BXPC     00000001 BXPC 00000001)
[    0.004735] ACPI: WAET 0x00000000BF976000 000028 (v01 BOCHS  BXPC     00000001 BXPC 00000001)
[    0.004736] ACPI: BGRT 0x00000000BF975000 000038 (v01 INTEL  EDK2     00000002      01000013)
[    0.004737] ACPI: Reserving FACP table memory at [mem 0xbf979000-0xbf979073]
[    0.004738] ACPI: Reserving DSDT table memory at [mem 0xbf97a000-0xbf97c1e7]
[    0.004738] ACPI: Reserving FACS table memory at [mem 0xbf9dd000-0xbf9dd03f]
[    0.004739] ACPI: Reserving APIC table memory at [mem 0xbf978000-0xbf97816f]
[    0.004739] ACPI: Reserving HPET table memory at [mem 0xbf977000-0xbf977037]
[    0.004739] ACPI: Reserving WAET table memory at [mem 0xbf976000-0xbf976027]
[    0.004739] ACPI: Reserving BGRT table memory at [mem 0xbf975000-0xbf975037]
[    0.004873] No NUMA configuration found
[    0.004873] Faking a node at [mem 0x0000000000000000-0x000000073fffffff]
[    0.004875] NODE_DATA(0) allocated [mem 0x73fffa680-0x73fffdfff]
[    0.005061] ACPI: PM-Timer IO Port: 0xb008
[    0.005067] ACPI: LAPIC_NMI (acpi_id[0xff] dfl dfl lint[0x1])
[    0.005083] IOAPIC[0]: apic_id 0, version 17, address 0xfec00000, GSI 0-23
[    0.005084] ACPI: INT_SRC_OVR (bus 0 bus_irq 0 global_irq 2 dfl dfl)
[    0.005085] ACPI: INT_SRC_OVR (bus 0 bus_irq 5 global_irq 5 high level)
[    0.005085] ACPI: INT_SRC_OVR (bus 0 bus_irq 9 global_irq 9 high level)
[    0.005086] ACPI: INT_SRC_OVR (bus 0 bus_irq 10 global_irq 10 high level)
[    0.005086] ACPI: INT_SRC_OVR (bus 0 bus_irq 11 global_irq 11 high level)
[    0.005088] ACPI: Using ACPI (MADT) for SMP configuration information
[    0.005088] ACPI: HPET id: 0x8086a201 base: 0xfed00000
[    0.005092] e820: update [mem 0xbdf88000-0xbdf90fff] System RAM ==> device reserved
[    0.005097] TSC deadline timer available
[    0.005098] CPU topo: Max. logical packages:   1
[    0.005098] CPU topo: Max. logical nodes:      1
[    0.005099] CPU topo: Num. nodes per package:  1
[    0.005099] CPU topo: Max. logical dies:       1
[    0.005100] CPU topo: Max. dies per package:   1
[    0.005101] CPU topo: Max. threads per core:   2
[    0.005101] CPU topo: Num. cores per package:    16
[    0.005102] CPU topo: Num. threads per package:  32
[    0.005102] CPU topo: Allowing 32 present CPUs plus 0 hotplug CPUs
[    0.005109] kvm-guest: APIC: eoi() replaced with kvm_guest_apic_eoi_write()
[    0.005116] kvm-guest: KVM setup pv remote TLB flush
[    0.005118] kvm-guest: setup PV sched yield
[    0.005123] PM: hibernation: Registered nosave memory: [mem 0x00000000-0x00000fff]
[    0.005124] PM: hibernation: Registered nosave memory: [mem 0x000a0000-0x000fffff]
[    0.005125] PM: hibernation: Registered nosave memory: [mem 0x00800000-0x00807fff]
[    0.005125] PM: hibernation: Registered nosave memory: [mem 0x0080b000-0x0080bfff]
[    0.005126] PM: hibernation: Registered nosave memory: [mem 0x00810000-0x008fffff]
[    0.005126] PM: hibernation: Registered nosave memory: [mem 0xbdf88000-0xbdf90fff]
[    0.005127] PM: hibernation: Registered nosave memory: [mem 0xbe93f000-0xbe9fffff]
[    0.005128] PM: hibernation: Registered nosave memory: [mem 0xbf6ef000-0xbf9fefff]
[    0.005128] PM: hibernation: Registered nosave memory: [mem 0xbfe60000-0xffffffff]
[    0.005129] [gap 0xc0000000-0xffffffff] available for PCI devices
[    0.005130] Booting paravirtualized kernel on KVM
[    0.005130] clocksource: refined-jiffies: mask: 0xffffffff max_cycles: 0xffffffff, max_idle_ns: 1910969940391419 ns
[    0.008945] Zone ranges:
[    0.008946]   DMA      [mem 0x0000000000001000-0x0000000000ffffff]
[    0.008947]   DMA32    [mem 0x0000000001000000-0x00000000ffffffff]
[    0.008947]   Normal   [mem 0x0000000100000000-0x000000073fffffff]
[    0.008948] Movable zone start for each node
[    0.008948] Early memory node ranges
[    0.008948]   node   0: [mem 0x0000000000001000-0x000000000009ffff]
[    0.008949]   node   0: [mem 0x0000000000100000-0x00000000007fffff]
[    0.008949]   node   0: [mem 0x0000000000808000-0x000000000080afff]
[    0.008949]   node   0: [mem 0x000000000080c000-0x000000000080ffff]
[    0.008950]   node   0: [mem 0x0000000000900000-0x00000000be93efff]
[    0.008950]   node   0: [mem 0x00000000bea00000-0x00000000bf6eefff]
[    0.008950]   node   0: [mem 0x00000000bf9ff000-0x00000000bfe5ffff]
[    0.008951]   node   0: [mem 0x0000000100000000-0x000000073fffffff]
[    0.008951] Initmem setup node 0 [mem 0x0000000000001000-0x000000073fffffff]
[    0.009183] On node 0, zone DMA: 1 pages in unavailable ranges
[    0.009188] On node 0, zone DMA: 96 pages in unavailable ranges
[    0.009188] On node 0, zone DMA: 8 pages in unavailable ranges
[    0.009189] On node 0, zone DMA: 1 pages in unavailable ranges
[    0.009193] On node 0, zone DMA: 240 pages in unavailable ranges
[    0.014584] On node 0, zone DMA32: 193 pages in unavailable ranges
[    0.014589] On node 0, zone DMA32: 784 pages in unavailable ranges
[    0.061222] On node 0, zone Normal: 416 pages in unavailable ranges
[    0.061229] setup_percpu: NR_CPUS:64 nr_cpumask_bits:32 nr_cpu_ids:32 nr_node_ids:1
[    0.062200] percpu: Embedded 53 pages/cpu s176792 r8192 d32104 u262144
[    0.062203] pcpu-alloc: s176792 r8192 d32104 u262144 alloc=1*2097152
[    0.062205] pcpu-alloc: [0] 00 01 02 03 04 05 06 07 [0] 08 09 10 11 12 13 14 15 
[    0.062211] pcpu-alloc: [0] 16 17 18 19 20 21 22 23 [0] 24 25 26 27 28 29 30 31 
[    0.062235] Kernel command line: BOOT_IMAGE=/vmlinuz-7.2.0-next-20260828 root=/dev/sda3 ro
[    0.062252] random: crng init done
[    0.062253] printk: log buffer data + meta data: 262144 + 917504 = 1179648 bytes
[    0.065395] Dentry cache hash table entries: 4194304 (order: 13, 33554432 bytes, linear)
[    0.066971] Inode-cache hash table entries: 2097152 (order: 12, 16777216 bytes, linear)
[    0.067180] software IO TLB: area num 32.
[    0.075785] Fallback order for Node 0: 0 
[    0.075789] Built 1 zonelists, mobility grouping on.  Total pages: 7338293
[    0.075789] Policy zone: Normal
[    0.075791] mem auto-init: stack:all(zero), heap alloc:off, heap free:off
[    0.105574] SLUB: HWalign=64, Order=0-3, MinObjects=0, CPUs=32, Nodes=1
[    0.105921] Dynamic Preempt: lazy
[    0.106147] rcu: Preemptible hierarchical RCU implementation.
[    0.106147] rcu: 	RCU event tracing is enabled.
[    0.106147] rcu: 	RCU restricting CPUs from NR_CPUS=64 to nr_cpu_ids=32.
[    0.106148] 	Trampoline variant of Tasks RCU enabled.
[    0.106149] 	Tracing variant of Tasks RCU enabled.
[    0.106149] rcu: RCU calculated value of scheduler-enlistment delay is 100 jiffies.
[    0.106150] rcu: Adjusting geometry for rcu_fanout_leaf=16, nr_cpu_ids=32
[    0.106159] RCU Tasks: Setting shift to 5 and lim to 1 rcu_task_cb_adjust=1 rcu_task_cpu_ids=32.
[    0.111359] NR_IRQS: 4352, nr_irqs: 680, preallocated irqs: 16
[    0.111533] rcu: srcu_init: Setting srcu_struct sizes based on contention.
[    0.111538] clocksource: jiffies: mask: 0xffffffff max_cycles: 0xffffffff, max_idle_ns: 1911260446275000 ns
[    0.111581] Console: colour dummy device 80x25
[    0.111582] printk: legacy console [tty0] enabled
[    0.111675] ACPI: Core revision 20260408
[    0.111759] clocksource: hpet: mask: 0xffffffff max_cycles: 0xffffffff, max_idle_ns: 19112604467 ns
[    0.111815] APIC: Switch to symmetric I/O mode setup
[    0.111930] x2apic enabled
[    0.112073] APIC: Switched APIC routing to: physical x2apic
[    0.112076] kvm-guest: APIC: send_IPI_mask() replaced with kvm_send_ipi_mask()
[    0.112080] kvm-guest: APIC: send_IPI_mask_allbutself() replaced with kvm_send_ipi_mask_allbutself()
[    0.112082] kvm-guest: setup PV IPIs
[    0.112652] ..TIMER: vector=0x30 apic1=0 pin1=2 apic2=-1 pin2=-1
[    0.112665] clocksource: tsc-early: mask: 0xffffffffffffffff max_cycles: 0x1e71785e5dd, max_idle_ns: 440795244814 ns
[    0.112669] Calibrating delay loop (skipped) preset value.. 4224.00 BogoMIPS (lpj=2112000)
[    0.112752] x86/cpu: User Mode Instruction Prevention (UMIP) activated
[    0.112790] Last level iTLB entries: 4KB 0, 2MB 0, 4MB 0
[    0.112791] Last level dTLB entries: 4KB 0, 2MB 0, 4MB 0, 1GB 0
[    0.112795] mitigations: Enabled attack vectors: user_kernel, user_user, SMT mitigations: auto
[    0.112798] Speculative Store Bypass: Mitigation: Speculative Store Bypass disabled via prctl
[    0.112799] Spectre V2 : Mitigation: Enhanced / Automatic IBRS
[    0.112800] ITS: Mitigation: Aligned branch/return thunks
[    0.112801] Spectre V1 : Mitigation: usercopy/swapgs barriers and __user pointer sanitization
[    0.112804] Spectre V2 : Spectre v2 / PBRSB-eIBRS: Retire a single CALL on VMEXIT
[    0.112805] Spectre V2 : mitigation: Enabling conditional Indirect Branch Prediction Barrier
[    0.112807] active return thunk: its_return_thunk
[    0.112820] x86/fpu: Supporting XSAVE feature 0x001: 'x87 floating point registers'
[    0.112822] x86/fpu: Supporting XSAVE feature 0x002: 'SSE registers'
[    0.112822] x86/fpu: Supporting XSAVE feature 0x004: 'AVX registers'
[    0.112823] x86/fpu: Supporting XSAVE feature 0x200: 'Protection Keys User registers'
[    0.112825] x86/fpu: xstate_offset[2]:  576, xstate_sizes[2]:  256
[    0.112826] x86/fpu: xstate_offset[9]:  832, xstate_sizes[9]:    8
[    0.112827] x86/fpu: Enabled xstate features 0x207, context size is 840 bytes, using 'compacted' format.
[    0.124637] pid_max: default: 32768 minimum: 301
[    0.124668] SELinux:  Initializing.
[    0.124910] Mount-cache hash table entries: 65536 (order: 7, 524288 bytes, linear)
[    0.124920] Mountpoint-cache hash table entries: 65536 (order: 7, 524288 bytes, linear)
[    0.124957] VFS: Finished mounting rootfs on nullfs
[    0.125106] smpboot: CPU0: Intel(R) Core(TM) i7-14700 (family: 0x6, model: 0xb7, stepping: 0x1)
[    0.125194] Performance Events: unsupported CPU family 6 model 183 no PMU driver, software events only.
[    0.125228] signal: max sigframe size: 3632
[    0.125239] rcu: Hierarchical SRCU implementation.
[    0.125240] rcu: 	Max phase no-delay instances is 400.
[    0.125255] Timer migration: 2 hierarchy levels; 8 children per group; 2 crossnode level
[    0.126330] smp: Bringing up secondary CPUs ...
[    0.126376] smpboot: x86: Booting SMP configuration:
[    0.126377] .... node  #0, CPUs:        #2  #4  #6  #8 #10 #12 #14 #16 #18 #20 #22 #24 #26 #28 #30  #1  #3  #5  #7  #9 #11 #13 #15 #17 #19 #21 #23 #25 #27 #29 #31
[    0.137671] smp: Brought up 1 node, 32 CPUs
[    0.137677] smpboot: Total of 32 processors activated (135168.00 BogoMIPS)
[    0.139038] Memory: 28671300K/29353172K available (19967K kernel code, 3007K rwdata, 8304K rodata, 2952K init, 612K bss, 665444K reserved, 0K cma-reserved)
[    0.139127] devtmpfs: initialized
[    0.139919] ACPI: PM: Registering ACPI NVS region [mem 0x00800000-0x00807fff] (32768 bytes)
[    0.139919] ACPI: PM: Registering ACPI NVS region [mem 0x0080b000-0x0080bfff] (4096 bytes)
[    0.139919] ACPI: PM: Registering ACPI NVS region [mem 0x00810000-0x008fffff] (983040 bytes)
[    0.139919] ACPI: PM: Registering ACPI NVS region [mem 0xbf97f000-0xbf9fefff] (524288 bytes)
[    0.139919] ACPI: PM: Registering ACPI NVS region [mem 0xbfe80000-0xbfffffff] (1572864 bytes)
[    0.139919] posixtimers hash table entries: 16384 (order: 6, 262144 bytes, linear)
[    0.139919] futex hash table entries: 8192 (524288 bytes on 1 NUMA nodes, total 512 KiB, linear).
[    0.139931] PM: RTC time: 09:44:54, date: 2026-08-31
[    0.140029] NET: Registered PF_NETLINK/PF_ROUTE protocol family
[    0.140070] audit: initializing netlink subsys (disabled)
[    0.140074] audit: type=2000 audit(1788169494.920:1): state=initialized audit_enabled=0 res=1
[    0.140074] thermal_sys: Registered thermal governor 'step_wise'
[    0.140074] cpuidle: using governor menu
[    0.141137] efi: Freeing EFI boot services memory: 39892K
[    0.141195] PCI: Using configuration type 1 for base access
[    0.141216] kprobes: kprobe jump-optimization is enabled. All kprobes are optimized if possible.
[    0.141216] HugeTLB: registered 2.00 MiB page size, pre-allocated 0 pages
[    0.141216] HugeTLB: 28 KiB vmemmap can be freed for a 2.00 MiB page
[    0.143765] ACPI: Added _OSI(Module Device)
[    0.143766] ACPI: Added _OSI(Processor Device)
[    0.143768] ACPI: Added _OSI(Processor Aggregator Device)
[    0.144214] ACPI: 1 ACPI AML tables successfully acquired and loaded
[    0.144308] ACPI: \_SB_: platform _OSC: OS support mask [002a7eee]
[    0.144308] ACPI: Interpreter enabled
[    0.144308] ACPI: PM: (supports S0 S3 S4 S5)
[    0.144308] ACPI: Using IOAPIC for interrupt routing
[    0.144308] PCI: Using host bridge windows from ACPI; if necessary, use "pci=nocrs" and report a bug
[    0.144308] PCI: Using E820 reservations for host bridge windows
[    0.144308] ACPI: Enabled 2 GPEs in block 00 to 0F
[    0.145950] ACPI: PCI Root Bridge [PCI0] (domain 0000 [bus 00-ff])
[    0.145955] acpi PNP0A03:00: fail to add MMCONFIG information, can't access extended configuration space under this bridge
[    0.145998] PCI host bridge to bus 0000:00
[    0.146000] pci_bus 0000:00: root bus resource [io  0x0000-0x0cf7 window]
[    0.146001] pci_bus 0000:00: root bus resource [io  0x0d00-0xffff window]
[    0.146002] pci_bus 0000:00: root bus resource [mem 0x000a0000-0x000bffff window]
[    0.146003] pci_bus 0000:00: root bus resource [mem 0xc0000000-0xfebfffff window]
[    0.146004] pci_bus 0000:00: root bus resource [mem 0x800000000-0x87fffffff window]
[    0.146006] pci_bus 0000:00: root bus resource [bus 00-ff]
[    0.146027] pci 0000:00:00.0: [8086:1237] type 00 class 0x060000 conventional PCI endpoint
[    0.146401] pci 0000:00:01.0: [8086:7000] type 00 class 0x060100 conventional PCI endpoint
[    0.146636] pci 0000:00:01.1: [8086:7010] type 00 class 0x010180 conventional PCI endpoint
[    0.146974] pci 0000:00:01.1: BAR 4 [io  0xc060-0xc06f]
[    0.146993] pci 0000:00:01.1: BAR 0 [io  0x01f0-0x01f7]: legacy IDE quirk
[    0.146994] pci 0000:00:01.1: BAR 1 [io  0x03f6]: legacy IDE quirk
[    0.146995] pci 0000:00:01.1: BAR 2 [io  0x0170-0x0177]: legacy IDE quirk
[    0.146996] pci 0000:00:01.1: BAR 3 [io  0x0376]: legacy IDE quirk
[    0.147062] pci 0000:00:01.3: [8086:7113] type 00 class 0x068000 conventional PCI endpoint
[    0.147239] pci 0000:00:01.3: quirk: [io  0xb000-0xb03f] claimed by PIIX4 ACPI
[    0.147244] pci 0000:00:01.3: quirk: [io  0xb100-0xb10f] claimed by PIIX4 SMB
[    0.147385] pci 0000:00:02.0: [1af4:1050] type 00 class 0x030000 conventional PCI endpoint
[    0.148021] pci 0000:00:02.0: BAR 0 [mem 0xc0000000-0xc07fffff pref]
[    0.148035] pci 0000:00:02.0: BAR 2 [mem 0x800000000-0x800003fff 64bit pref]
[    0.148040] pci 0000:00:02.0: BAR 4 [mem 0xc0881000-0xc0881fff]
[    0.148048] pci 0000:00:02.0: ROM [mem 0xffff0000-0xffffffff pref]
[    0.148074] pci 0000:00:02.0: Video device with shadowed ROM at [mem 0x000c0000-0x000dffff]
[    0.148544] pci 0000:00:03.0: [1af4:1000] type 00 class 0x020000 conventional PCI endpoint
[    0.148996] pci 0000:00:03.0: BAR 0 [io  0xc040-0xc05f]
[    0.149001] pci 0000:00:03.0: BAR 1 [mem 0xc0880000-0xc0880fff]
[    0.149017] pci 0000:00:03.0: BAR 4 [mem 0x800004000-0x800007fff 64bit pref]
[    0.149021] pci 0000:00:03.0: ROM [mem 0xfff80000-0xffffffff pref]
[    0.149471] pci 0000:00:04.0: [1af4:1002] type 00 class 0x00ff00 conventional PCI endpoint
[    0.149891] pci 0000:00:04.0: BAR 0 [io  0xc000-0xc03f]
[    0.149910] pci 0000:00:04.0: BAR 4 [mem 0x800008000-0x80000bfff 64bit pref]
[    0.150963] ACPI: PCI: Interrupt link LNKA configured for IRQ 10
[    0.151017] ACPI: PCI: Interrupt link LNKB configured for IRQ 10
[    0.151066] ACPI: PCI: Interrupt link LNKC configured for IRQ 11
[    0.151114] ACPI: PCI: Interrupt link LNKD configured for IRQ 11
[    0.151144] ACPI: PCI: Interrupt link LNKS configured for IRQ 9
[    0.151673] iommu: Default domain type: Translated
[    0.151674] iommu: DMA domain TLB invalidation policy: lazy mode
[    0.155706] SCSI subsystem initialized
[    0.155717] libata version 3.00 loaded.
[    0.155717] ACPI: bus type USB registered
[    0.155717] usbcore: registered new interface driver usbfs
[    0.155717] usbcore: registered new interface driver hub
[    0.155717] usbcore: registered new device driver usb
[    0.155717] pps_core: LinuxPPS API ver. 1 registered
[    0.155717] pps_core: Software ver. 5.3.6 - Copyright 2005-2007 Rodolfo Giometti <giometti@linux.it>
[    0.155717] PTP clock support registered
[    0.155723] efivars: Registered efivars operations
[    0.155723] Advanced Linux Sound Architecture Driver Initialized.
[    0.155772] NetLabel: Initializing
[    0.155773] NetLabel:  domain hash size = 128
[    0.155774] NetLabel:  protocols = UNLABELED CIPSOv4 CALIPSO
[    0.155781] NetLabel:  unlabeled traffic allowed by default
[    0.155788] PCI: Using ACPI for IRQ routing
[    0.155788] PCI: pci_cache_line_size set to 64 bytes
[    0.156724] e820: register RAM buffer resource [mem 0x0080b000-0x008fffff]
[    0.156732] e820: register RAM buffer resource [mem 0x00810000-0x008fffff]
[    0.156733] e820: register RAM buffer resource [mem 0xbdf88000-0xbfffffff]
[    0.156734] e820: register RAM buffer resource [mem 0xbe93f000-0xbfffffff]
[    0.156735] e820: register RAM buffer resource [mem 0xbf6ef000-0xbfffffff]
[    0.156736] e820: register RAM buffer resource [mem 0xbfe60000-0xbfffffff]
[    0.156765] pci 0000:00:02.0: vgaarb: setting as boot VGA device
[    0.156765] pci 0000:00:02.0: vgaarb: bridge control possible
[    0.156765] pci 0000:00:02.0: vgaarb: VGA device added: decodes=io+mem,owns=io+mem,locks=none
[    0.156765] vgaarb: loaded
[    0.156765] hpet0: at MMIO 0xfed00000, IRQs 2, 8, 0
[    0.156765] hpet0: 3 comparators, 64-bit 100.000000 MHz counter
[    0.161795] clocksource: Switched to clocksource kvm-clock
[    0.161795] VFS: Disk quotas dquot_6.6.0
[    0.161795] VFS: Dquot-cache hash table entries: 512 (4096 bytes)
[    0.162293] pnp: PnP ACPI init
[    0.162347] pnp 00:02: [dma 2]
[    0.162483] pnp: PnP ACPI: found 5 devices
[    0.167763] clocksource: acpi_pm: mask: 0xffffff max_cycles: 0xffffff, max_idle_ns: 2085701024 ns
[    0.167793] NET: Registered PF_INET protocol family
[    0.168052] IP idents hash table entries: 262144 (order: 9, 2097152 bytes, linear)
[    0.169309] tcp_listen_portaddr_hash hash table entries: 16384 (order: 6, 262144 bytes, linear)
[    0.169325] Table-perturb hash table entries: 65536 (order: 6, 262144 bytes, linear)
[    0.169328] TCP established hash table entries: 262144 (order: 9, 2097152 bytes, linear)
[    0.169597] TCP bind hash table entries: 65536 (order: 9, 2097152 bytes, linear)
[    0.169827] TCP: Hash tables configured (established 262144 bind 65536)
[    0.169851] UDP hash table entries: 16384 (order: 8, 1048576 bytes, linear)
[    0.170101] NET: Registered PF_UNIX/PF_LOCAL protocol family
[    0.170270] RPC: Registered named UNIX socket transport module.
[    0.170272] RPC: Registered udp transport module.
[    0.170272] RPC: Registered tcp transport module.
[    0.170273] RPC: Registered tcp-with-tls transport module.
[    0.170274] RPC: Registered tcp NFSv4.1 backchannel transport module.
[    0.170447] pci 0000:00:03.0: ROM [mem 0xfff80000-0xffffffff pref]: can't claim; no compatible bridge window
[    0.170452] pci 0000:00:03.0: ROM [mem 0xc0800000-0xc087ffff pref]: assigned
[    0.170454] pci_bus 0000:00: resource 4 [io  0x0000-0x0cf7 window]
[    0.170455] pci_bus 0000:00: resource 5 [io  0x0d00-0xffff window]
[    0.170456] pci_bus 0000:00: resource 6 [mem 0x000a0000-0x000bffff window]
[    0.170457] pci_bus 0000:00: resource 7 [mem 0xc0000000-0xfebfffff window]
[    0.170459] pci_bus 0000:00: resource 8 [mem 0x800000000-0x87fffffff window]
[    0.170479] pci 0000:00:01.0: PIIX3: Enabling Passive Release
[    0.170486] pci 0000:00:00.0: Limiting direct PCI/PCI transfers
[    0.170517] PCI: CLS 0 bytes, default 64
[    0.170541] PCI-DMA: Using software bounce buffering for IO (SWIOTLB)
[    0.170542] software IO TLB: mapped [mem 0x00000000b7e3e000-0x00000000bbe3e000] (64MB)
[    0.170562] RAPL PMU: API unit is 2^-32 Joules, 0 fixed counters, 10737418240 ms ovfl timer
[    0.170569] clocksource: tsc: mask: 0xffffffffffffffff max_cycles: 0x1e71785e5dd, max_idle_ns: 440795244814 ns
[    0.178447] Initialise system trusted keyrings
[    0.178498] workingset: timestamp_bits=40 (anon: 35) max_order=23 bucket_order=0 (anon: 0)
[    0.178602] NFS: Registering the id_resolver key type
[    0.178604] Key type id_resolver registered
[    0.178605] Key type id_legacy registered
[    0.178606] nfs4filelayout_init: NFSv4 File Layout Driver Registering...
[    0.178608] nfs4flexfilelayout_init: NFSv4 Flexfile Layout Driver Registering...
[    0.178624] 9p: Installing v9fs 9p2000 file system support
[    0.183159] Key type asymmetric registered
[    0.183160] Asymmetric key parser 'x509' registered
[    0.183166] Block layer SCSI generic (bsg) driver version 0.4 loaded (major 251)
[    0.183172] io scheduler mq-deadline registered
[    0.183173] io scheduler kyber registered
[    0.184517] input: Power Button as /devices/platform/LNXPWRBN:00/input/input0
[    0.184549] ACPI: button: Power Button [PWRF]
[    0.191791] ACPI: \_SB_.LNKB: Enabled at IRQ 10
[    0.198149] ACPI: \_SB_.LNKC: Enabled at IRQ 11
[    0.204531] ACPI: \_SB_.LNKD: Enabled at IRQ 11
[    0.204920] Serial: 8250/16550 driver, 4 ports, IRQ sharing enabled
[    0.205011] 00:04: ttyS0 I/O:0x3f8 (irq = 4, base_baud = 115200) is a 16550A
[    0.205098] pr/ttyS-1 (206) used greatest stack depth: 15648 bytes left
[    0.205292] Non-volatile memory driver v1.3
[    0.205321] ACPI: bus type drm_connector registered
[    0.205408] [drm] pci: virtio-vga detected at 0000:00:02.0
[    0.205414] virtio-pci 0000:00:02.0: vgaarb: deactivate vga console
[    0.205650] [drm] features: -virgl +edid -resource_blob -host_visible
[    0.205650] [drm] features: -context_init -blob_alignment
[    0.205945] [drm] number of scanouts: 1
[    0.205948] [drm] number of cap sets: 0
[    0.206108] virtio-pci 0000:00:02.0: [drm] [PLANE:36:plane-1] pixel format with alpha exposed but blend mode not setup. Please fix.
[    0.206155] virtio-pci 0000:00:02.0: [drm] Registered 1 planes with drm panic
[    0.206181] [drm] Initialized virtio_gpu 0.1.0 for 0000:00:02.0 on minor 0
[    0.207672] fbcon: virtio_gpudrmfb (fb0) is primary device
[    0.221094] Console: switching to colour frame buffer device 240x67
[    0.235036] virtio-pci 0000:00:02.0: [drm] fb0: virtio_gpudrmfb frame buffer device
[    0.237895] loop: module loaded
[    0.238418] scsi host0: ata_piix
[    0.238521] scsi host1: ata_piix
[    0.238541] ata1: PATA max MWDMA2 cmd 0x1f0 ctl 0x3f6 bmdma 0xc060 irq 14 lpm-pol 0
[    0.238549] ata2: PATA max MWDMA2 cmd 0x170 ctl 0x376 bmdma 0xc068 irq 15 lpm-pol 0
[    0.240273] e100: Intel(R) PRO/100 Network Driver
[    0.240279] e100: Copyright(c) 1999-2006 Intel Corporation
[    0.240289] e1000: Intel(R) PRO/1000 Network Driver
[    0.240293] e1000: Copyright (c) 1999-2006 Intel Corporation.
[    0.240302] e1000e: Intel(R) PRO/1000 Network Driver
[    0.240306] e1000e: Copyright(c) 1999 - 2015 Intel Corporation.
[    0.240316] sky2: driver version 1.30
[    0.240394] usbcore: registered new interface driver usblp
[    0.240404] usbcore: registered new interface driver usb-storage
[    0.240428] i8042: PNP: PS/2 Controller [PNP0303:KBD,PNP0f13:MOU] at 0x60,0x64 irq 1,12
[    0.241111] serio: i8042 KBD port at 0x60,0x64 irq 1
[    0.241118] serio: i8042 AUX port at 0x60,0x64 irq 12
[    0.241200] rtc_cmos PNP0B00:00: RTC can wake from S4
[    0.241403] rtc_cmos PNP0B00:00: registered as rtc0
[    0.241459] rtc_cmos PNP0B00:00: alarms up to one day, y3k, 242 bytes nvram
[    0.241527] device-mapper: ioctl: 4.50.0-ioctl (2025-04-28) initialised: dm-devel@lists.linux.dev
[    0.241540] intel_pstate: HWP-disabled hybrid CPU is not supported
[    0.241551] hid: raw HID events driver (C) Jiri Kosina
[    0.241641] usbcore: registered new interface driver usbhid
[    0.241646] usbhid: USB HID core driver
[    0.241685] input: AT Translated Set 2 keyboard as /devices/platform/i8042/serio0/input/input1
[    0.242056] nf_conntrack_irc: The irc conntrack helper is scheduled for removal.
               Please contact the netfilter-devel mailing list if you still need this.
[    0.242449] Initializing XFRM netlink socket
[    0.242469] NET: Registered PF_INET6 protocol family
[    0.242859] Segment Routing with IPv6
[    0.242867] In-situ OAM (IOAM) with IPv6
[    0.242883] sit: IPv6, IPv4 and MPLS over IPv4 tunneling driver
[    0.242947] NET: Registered PF_PACKET protocol family
[    0.242965] 9pnet: Installing 9P2000 support
[    0.242976] Key type dns_resolver registered
[    0.244179] IPI shorthand broadcast: enabled
[    0.245354] sched_clock: Marking stable (245001220, 129936)->(247058369, -1927213)
[    0.245601] registered taskstats version 1
[    0.245605] Loading compiled-in X.509 certificates
[    0.246364] Demotion targets for Node 0: null
[    0.246501] PM:   Magic number: 6:979:728
[    0.246637] netconsole: network logging started
[    0.246765] cfg80211: Loading compiled-in X.509 certificates for regulatory database
[    0.246932] kworker/u129:0 (218) used greatest stack depth: 14096 bytes left
[    0.247165] Loaded X.509 cert 'sforshee: 00b28ddf47aef9cea7'
[    0.247367] Loaded X.509 cert 'wens: 61c038651aabdcf94bd0ac7ff06c7248db18c600'
[    0.247495] ALSA device list:
[    0.247599]   No soundcards found.
[    0.247756] faux_driver regulatory: Direct firmware load for regulatory.db failed with error -2
[    0.247866] cfg80211: failed to load regulatory.db
[    0.391480] ata1: found unknown device (class 0)
[    0.392084] ata2: found unknown device (class 0)
[    0.392776] ata1.00: Model 'QEMU HARDDISK', rev '2.5+', applying quirks: bridgeok
[    0.392904] ata1.00: ATA-7: QEMU HARDDISK, 2.5+, max UDMA/100
[    0.393020] ata1.00: 79691776 sectors, multi 16: LBA48 
[    0.393235] ata2.00: ATAPI: QEMU DVD-ROM, 2.5+, max UDMA/100
[    0.394277] scsi 0:0:0:0: Direct-Access     ATA      QEMU HARDDISK    2.5+ PQ: 0 ANSI: 5
[    0.394532] sd 0:0:0:0: [sda] 79691776 512-byte logical blocks: (40.8 GB/38.0 GiB)
[    0.394565] sd 0:0:0:0: Attached scsi generic sg0 type 0
[    0.394690] sd 0:0:0:0: [sda] Write Protect is off
[    0.394923] sd 0:0:0:0: [sda] Mode Sense: 00 3a 00 00
[    0.395752] sd 0:0:0:0: [sda] Write cache: enabled, read cache: enabled, doesn't support DPO or FUA
[    0.395960] sd 0:0:0:0: [sda] Preferred minimum I/O size 512 bytes
[    0.396012] scsi 1:0:0:0: CD-ROM            QEMU     QEMU DVD-ROM     2.5+ PQ: 0 ANSI: 5
[    0.399809]  sda: sda1 sda2 sda3 sda4
[    0.400209] sd 0:0:0:0: [sda] Attached SCSI disk
[    0.414816] sr 1:0:0:0: [sr0] scsi3-mmc drive: 4x/4x cd/rw xa/form2 tray
[    0.429523] cdrom: Uniform CD-ROM driver Revision: 3.20
[    0.435741] sr 1:0:0:0: Attached scsi CD-ROM sr0
[    0.435784] sr 1:0:0:0: Attached scsi generic sg1 type 5
[    0.656308] input: ImExPS/2 Generic Explorer Mouse as /devices/platform/i8042/serio1/input/input3
[    0.656618] md: Waiting for all devices to be available before autodetect
[    0.656767] md: If you don't use raid, use raid=noautodetect
[    0.656878] md: Autodetecting RAID arrays.
[    0.656991] md: autorun ...
[    0.657098] md: ... autorun DONE.
[    0.659389] EXT4-fs (sda3): mounted filesystem 8edd9878-13ee-4697-8a55-92501def084f ro with ordered data mode. Quota mode: none.
[    0.659514] VFS: Mounted root (ext4 filesystem) readonly on device 8:3.
[    0.660193] devtmpfs: mounted
[    0.660341] VFS: Pivoted into new rootfs
[    0.660857] Freeing unused kernel image (initmem) memory: 2952K
[    0.660993] Write protecting the kernel read-only data: 30720k
[    0.661410] Freeing unused kernel image (text/rodata gap) memory: 512K
[    0.661861] Freeing unused kernel image (rodata/data gap) memory: 1936K
[    0.667882] x86/mm: Checked W+X mappings: passed, no W+X pages found.
[    0.668019] Run /sbin/init as init process
[    0.668165]   with arguments:
[    0.668166]     /sbin/init
[    0.668166]   with environment:
[    0.668166]     HOME=/
[    0.668167]     TERM=linux
[    0.710284] systemd[1]: RTC configured in localtime, applying delta of 0 minutes to system time.
[    0.731037] modprobe (233) used greatest stack depth: 12560 bytes left
[    0.732534] systemd[1]: systemd 257.6 running in system mode (-PAM -AUDIT -SELINUX -APPARMOR +IMA +IPE +SMACK -SECCOMP -GCRYPT -GNUTLS +OPENSSL +ACL +BLKID -CURL -ELFUTILS -FIDO2 -IDN2 -IDN -IPTC +KMOD -LIBCRYPTSETUP -LIBCRYPTSETUP_PLUGINS +LIBFDISK -PCRE2 -PWQUALITY -P11KIT -QRENCODE -TPM2 +BZIP2 +LZ4 +XZ +ZLIB +ZSTD -BPF_FRAMEWORK -BTF -XKBCOMMON +UTMP +SYSVINIT -LIBARCHIVE)
[    0.732810] systemd[1]: Detected virtualization kvm.
[    0.732952] systemd[1]: Detected architecture x86-64.
[    0.734226] systemd[1]: Hostname set to <mayoub>.
[    0.742798] systemd-hiberna (245) used greatest stack depth: 12488 bytes left
[    0.747392] systemd-fstab-generator[242]: Failed to create unit file '/run/systemd/generator/boot-efi.mount', as it already exists. Duplicate entry in '/etc/fstab'?
[    0.763875] (sd-exec-[240]: /usr/lib/systemd/system-generators/systemd-fstab-generator failed with exit status 1.
[    0.804692] systemd[1]: Queued start job for default target Graphical Interface.
[    0.816797] systemd[1]: Created slice Slice /system/getty.
[    0.817346] systemd[1]: Created slice Slice /system/modprobe.
[    0.817736] systemd[1]: Created slice Slice /system/systemd-fsck.
[    0.818246] systemd[1]: Created slice User and Session Slice.
[    0.818548] systemd[1]: Started Dispatch Password Requests to Console Directory Watch.
[    0.818866] systemd[1]: Started Forward Password Requests to Wall Directory Watch.
[    0.819270] systemd[1]: Set up automount Arbitrary Executable File Formats File System Automount Point.
[    0.819590] systemd[1]: Expecting device /dev/sda1...
[    0.819881] systemd[1]: Expecting device /dev/sda2...
[    0.820191] systemd[1]: Expecting device /dev/sda4...
[    0.820490] systemd[1]: Reached target Path Units.
[    0.820789] systemd[1]: Reached target Remote File Systems.
[    0.821105] systemd[1]: Reached target Slice Units.
[    0.822004] systemd[1]: Listening on Process Core Dump Socket.
[    0.822701] systemd[1]: Listening on Credential Encryption/Decryption.
[    0.823026] systemd[1]: Listening on initctl Compatibility Named Pipe.
[    0.823551] systemd[1]: Listening on Journal Audit Socket.
[    0.823896] systemd[1]: Listening on Journal Socket (/dev/log).
[    0.824224] systemd[1]: Listening on Journal Sockets.
[    0.824523] systemd[1]: Listening on DDI File System Mounter Socket.
[    0.824837] systemd[1]: Listening on Network Service Netlink Socket.
[    0.825157] systemd[1]: Listening on Namespace Resource Manager Socket.
[    0.825503] systemd[1]: Listening on Userspace Out-Of-Memory (OOM) Killer Socket.
[    0.825811] systemd[1]: Listening on udev Control Socket.
[    0.826121] systemd[1]: Listening on udev Kernel Socket.
[    0.827266] systemd[1]: Mounting Huge Pages File System...
[    0.827863] systemd[1]: Mounting POSIX Message Queue File System...
[    0.828661] systemd[1]: Mounting Kernel Debug File System...
[    0.829320] systemd[1]: Mounting Kernel Trace File System...
[    0.829633] systemd[1]: Create List of Static Device Nodes was skipped because of an unmet condition check (ConditionFileNotEmpty=/lib/modules/7.2.0-next-20260828/modules.devname).
[    0.830270] systemd[1]: Starting Load Kernel Module configfs...
[    0.830966] systemd[1]: Starting Load Kernel Module dm_mod...
[    0.832540] systemd[1]: Starting Load Kernel Module drm...
[    0.833830] systemd[1]: Starting Load Kernel Module efi_pstore...
[    0.834859] systemd[1]: Starting Load Kernel Module fuse...
[    0.835516] modprobe (272) used greatest stack depth: 12128 bytes left
[    0.835867] systemd[1]: Starting Load Kernel Module loop...
[    0.836881] systemd[1]: Starting File System Check on Root Device...
[    0.837420] systemd[1]: Clear Stale Hibernate Storage Info was skipped because of an unmet condition check (ConditionPathExists=/sys/firmware/efi/efivars/HibernateLocation-8cf2644b-4b0b-428f-9387-6d876050dc67).
[    0.837757] systemd[1]: systemd-journald.service: unit configures an IP firewall, but the local system does not support BPF/cgroup firewalling.
[    0.838019] systemd[1]: systemd-journald.service: (This warning is only shown for the first unit using IP firewalling.)
[    0.838870] systemd[1]: Starting Journal Service...
[    0.839952] systemd[1]: Load Kernel Modules was skipped because no trigger condition checks were met.
[    0.840744] systemd[1]: Starting Generate network units from Kernel command line...
[    0.841752] systemd[1]: Starting Userspace Out-Of-Memory (OOM) Killer...
[    0.842686] systemd[1]: Starting Apply Kernel Variables...
[    0.843919] systemd[1]: Starting Create Static Device Nodes in /dev gracefully...
[    0.844416] systemd-journald[276]: Collecting audit messages is enabled.
[    0.845156] systemd[1]: Starting Load udev Rules from Credentials...
[    0.846513] systemd[1]: Starting Coldplug All udev Devices...
[    0.848324] systemd[1]: Mounted Huge Pages File System.
[    0.848750] systemd[1]: Mounted POSIX Message Queue File System.
[    0.849094] systemd[1]: Mounted Kernel Debug File System.
[    0.849471] systemd[1]: Mounted Kernel Trace File System.
[    0.849783] systemd[1]: Started Journal Service.
[    0.873180] EXT4-fs (sda3): re-mounted 8edd9878-13ee-4697-8a55-92501def084f r/w.
[    0.885902] systemd-journald[276]: Received client request to flush runtime journal.
[    0.966520] virtio_net virtio1 ens3: renamed from eth0
[    1.036929] Adding 2095100k swap on /dev/sda4.  Priority:1 extents:1 across:2095100k 
[    1.860052] EXT4-fs (sda2): mounted filesystem aecde6f4-fd99-42bb-a920-444e9e98326d r/w with ordered data mode. Quota mode: none.